Job started at Thu Aug 27 23:30:24 EDT 2026
Running on host: tebuna
Job ID: 14059
SLURM allocated GPUs: 0
Thu Aug 27 23:30:24 2026       
+-----------------------------------------------------------------------------------------+
| NVIDIA-SMI 565.57.01              Driver Version: 565.57.01      CUDA Version: 12.7     |
|-----------------------------------------+------------------------+----------------------+
| GPU  Name                 Persistence-M | Bus-Id          Disp.A | Volatile Uncorr. ECC |
| Fan  Temp   Perf          Pwr:Usage/Cap |           Memory-Usage | GPU-Util  Compute M. |
|                                         |                        |               MIG M. |
|=========================================+========================+======================|
|   0  NVIDIA RTX A6000               Off |   00000000:1D:00.0 Off |                  Off |
| 54%   79C    P0            297W /  300W |   39286MiB /  49140MiB |     96%      Default |
|                                         |                        |                  N/A |
+-----------------------------------------+------------------------+----------------------+
|   1  NVIDIA RTX A6000               Off |   00000000:B5:00.0 Off |                  Off |
| 30%   28C    P8             30W /  300W |       2MiB /  49140MiB |      0%      Default |
|                                         |                        |                  N/A |
+-----------------------------------------+------------------------+----------------------+
                                                                                         
+-----------------------------------------------------------------------------------------+
| Processes:                                                                              |
|  GPU   GI   CI        PID   Type   Process name                              GPU Memory |
|        ID   ID                                                               Usage      |
|=========================================================================================|
|    0   N/A  N/A    375746      C   ...cratch/nchoi27/vllm_env/bin/python3      39276MiB |
+-----------------------------------------------------------------------------------------+
Job finished at Thu Aug 27 23:30:43 EDT 2026
