Job started at Tue Sep  1 19:53:38 EDT 2026
Running on host: tebuna
Job ID: 14073
SLURM allocated GPUs: 0
Tue Sep  1 19:53:38 2026       
+-----------------------------------------------------------------------------------------+
| NVIDIA-SMI 565.57.01              Driver Version: 565.57.01      CUDA Version: 12.7     |
|-----------------------------------------+------------------------+----------------------+
| GPU  Name                 Persistence-M | Bus-Id          Disp.A | Volatile Uncorr. ECC |
| Fan  Temp   Perf          Pwr:Usage/Cap |           Memory-Usage | GPU-Util  Compute M. |
|                                         |                        |               MIG M. |
|=========================================+========================+======================|
|   0  NVIDIA RTX A6000               Off |   00000000:1B:00.0 Off |                  Off |
| 30%   30C    P8             26W /  300W |       2MiB /  49140MiB |      0%      Default |
|                                         |                        |                  N/A |
+-----------------------------------------+------------------------+----------------------+
|   1  NVIDIA RTX A6000               Off |   00000000:B5:00.0 Off |                  Off |
| 30%   27C    P8             25W /  300W |       2MiB /  49140MiB |      0%      Default |
|                                         |                        |                  N/A |
+-----------------------------------------+------------------------+----------------------+
                                                                                         
+-----------------------------------------------------------------------------------------+
| Processes:                                                                              |
|  GPU   GI   CI        PID   Type   Process name                              GPU Memory |
|        ID   ID                                                               Usage      |
|=========================================================================================|
|  No running processes found                                                             |
+-----------------------------------------------------------------------------------------+
[Gemma4-E4B (thinking)] wrote 792 score records to /local/scratch/yhu383/Iterative_Reasoning/Results/eval_scores/gemma4_e4b_thinking.json and 792 pass records to /local/scratch/yhu383/Iterative_Reasoning/Results/eval_pass/gemma4_e4b_thinking.json in 2661.3 min
Job finished at Thu Sep  3 16:15:13 EDT 2026
