Job started at Thu Aug  6 18:16:56 EDT 2026
Running on host: tebuna
Job ID: 14027
SLURM allocated GPUs: 0
Thu Aug  6 18:16:56 2026       
+-----------------------------------------------------------------------------------------+
| NVIDIA-SMI 565.57.01              Driver Version: 565.57.01      CUDA Version: 12.7     |
|-----------------------------------------+------------------------+----------------------+
| GPU  Name                 Persistence-M | Bus-Id          Disp.A | Volatile Uncorr. ECC |
| Fan  Temp   Perf          Pwr:Usage/Cap |           Memory-Usage | GPU-Util  Compute M. |
|                                         |                        |               MIG M. |
|=========================================+========================+======================|
|   0  NVIDIA RTX A6000               On  |   00000000:1B:00.0 Off |                  Off |
| 30%   34C    P8             35W /  300W |   46494MiB /  49140MiB |      0%      Default |
|                                         |                        |                  N/A |
+-----------------------------------------+------------------------+----------------------+
|   1  NVIDIA RTX A6000               On  |   00000000:B5:00.0 Off |                  Off |
| 30%   33C    P8             34W /  300W |   46494MiB /  49140MiB |      0%      Default |
|                                         |                        |                  N/A |
+-----------------------------------------+------------------------+----------------------+
                                                                                         
+-----------------------------------------------------------------------------------------+
| Processes:                                                                              |
|  GPU   GI   CI        PID   Type   Process name                              GPU Memory |
|        ID   ID                                                               Usage      |
|=========================================================================================|
|    0   N/A  N/A   1750751      C   ...scratch/nchoi27/vllm_env/bin/python      46484MiB |
|    1   N/A  N/A   1750758      C   ...scratch/nchoi27/vllm_env/bin/python      46484MiB |
+-----------------------------------------------------------------------------------------+
Job finished at Thu Aug  6 18:16:56 EDT 2026
